Open Watcom Linker Version 1.9
Portions Copyright (c) 1985-2002 Sybase, Inc. All Rights Reserved.
Created on:       19/02/07 20:56:22
Executable Image: switcher.exe
creating a DOS executable


                        +------------+
                        |   Groups   |
                        +------------+

Group                           Address              Size
=====                           =======              ====

DGROUP                          056e:0000            00000ea0



                        +--------------+
                        |   Segments   |
                        +--------------+

Segment                Class          Group          Address         Size
=======                =====          =====          =======         ====

main_TEXT              CODE           AUTO           0000:0000       000006b6
_TEXT                  CODE           AUTO           0000:06c0       00003188
ioicout_TEXT           CODE           AUTO           0000:3850       000000a5
ostincch_TEXT          CODE           AUTO           0000:3900       000000b9
ioicin_TEXT            CODE           AUTO           0000:39c0       00000076
istexpch_TEXT          CODE           AUTO           0000:3a40       00000141
manendl_TEXT           CODE           AUTO           0000:3b90       00000020
ostinomn_TEXT          CODE           AUTO           0000:3bb0       00000013
opdel_TEXT             CODE           AUTO           0000:3bd0       0000000e
opnew_TEXT             CODE           AUTO           0000:3be0       0000007a
undefed_TEXT           CODE           AUTO           0000:3c60       00000013
fsroot_TEXT            CODE           AUTO           0000:3c80       0000000b
sdfconfp_TEXT          CODE           AUTO           0000:3c90       0000001e
stablcl_TEXT           CODE           AUTO           0000:3cb0       00000005
ostconsf_TEXT          CODE           AUTO           0000:3cc0       00000091
ostflush_TEXT          CODE           AUTO           0000:3d60       00000058
ostdestr_TEXT          CODE           AUTO           0000:3dc0       00000086
sdfdestr_TEXT          CODE           AUTO           0000:3e50       00000076
moddtorr_TEXT          CODE           AUTO           0000:3ed0       00000000
ostopfx_TEXT           CODE           AUTO           0000:3ed0       00000071
iouwrtit_TEXT          CODE           AUTO           0000:3f50       00000390
iossetst_TEXT          CODE           AUTO           0000:42e0       0000002a
istconsf_TEXT          CODE           AUTO           0000:4310       000000a1
istdestr_TEXT          CODE           AUTO           0000:43c0       00000086
pure_err_TEXT          CODE           AUTO           0000:4450       00000027
istipfx_TEXT           CODE           AUTO           0000:4480       0000004f
ostput_TEXT            CODE           AUTO           0000:44d0       000000e7
cppdata_TEXT           CODE           AUTO           0000:45c0       00000000
fatalerr_TEXT          CODE           AUTO           0000:45c0       00000025
stfdsgtn_TEXT          CODE           AUTO           0000:45f0       0000009d
vfun_err_TEXT          CODE           AUTO           0000:4690       00000027
stfdspun_TEXT          CODE           AUTO           0000:46c0       000000e4
stfpbfai_TEXT          CODE           AUTO           0000:47b0       00000004
sdfoverf_TEXT          CODE           AUTO           0000:47c0       000001e9
sdfundrf_TEXT          CODE           AUTO           0000:49b0       0000018e
stfsbuf_TEXT           CODE           AUTO           0000:4b40       00000081
stfseeko_TEXT          CODE           AUTO           0000:4bd0       0000000c
stfseekp_TEXT          CODE           AUTO           0000:4be0       00000021
sdfsync_TEXT           CODE           AUTO           0000:4c10       0000002e
stfdoall_TEXT          CODE           AUTO           0000:4c40       00000040
stfconde_TEXT          CODE           AUTO           0000:4c80       0000006e
stabmod_TEXT           CODE           AUTO           0000:4cf0       0000007a
iosinit_TEXT           CODE           AUTO           0000:4d70       00000061
iosconde_TEXT          CODE           AUTO           0000:4de0       00000011
stfsync_TEXT           CODE           AUTO           0000:4e00       00000022
dtorarst_TEXT          CODE           AUTO           0000:4e30       0000002f
opdelarr_TEXT          CODE           AUTO           0000:4e60       00000005
iosdestr_TEXT          CODE           AUTO           0000:4e70       00000053
stfdestr_TEXT          CODE           AUTO           0000:4ed0       0000002e
opnewarr_TEXT          CODE           AUTO           0000:4f00       00000005
iosfail_TEXT           CODE           AUTO           0000:4f10       00000009
prwdata_TEXT           CODE           AUTO           0000:4f20       00000000
istdipfx_TEXT          CODE           AUTO           0000:4f20       000000ac
stfsetb_TEXT           CODE           AUTO           0000:4fd0       00000086
stabadt_TEXT           CODE           AUTO           0000:5060       0000009e
ioufrxal_TEXT          CODE           AUTO           0000:5100       00000033
manws_TEXT             CODE           AUTO           0000:5140       00000040
istpeek_TEXT           CODE           AUTO           0000:5180       0000007e
istget_TEXT            CODE           AUTO           0000:5200       000000c0
main_DATA1             FAR_CONST      AUTO           052c:0000       00000016
main_DATA2             FAR_CONST      AUTO           052d:0006       0000009f
ioicout_DATA1          FAR_CONST      AUTO           0538:0000       00000076
ostincch_DATA1         FAR_CONST      AUTO           053f:0006       00000000
ioicin_DATA1           FAR_CONST      AUTO           0540:0000       00000036
istexpch_DATA1         FAR_CONST      AUTO           0543:0006       00000000
manendl_DATA1          FAR_CONST      AUTO           0543:0006       00000000
ostinomn_DATA1         FAR_CONST      AUTO           0543:0006       00000000
opdel_DATA1            FAR_CONST      AUTO           0544:0000       00000000
opnew_DATA1            FAR_CONST      AUTO           0544:0000       00000000
undefed_DATA1          FAR_CONST      AUTO           0544:0000       0000002c
sdfconfp_DATA1         FAR_CONST      AUTO           0546:000c       00000044
ostconsf_DATA1         FAR_CONST      AUTO           0546:0050       0000002c
ostflush_DATA1         FAR_CONST      AUTO           0546:007c       00000000
ostdestr_DATA1         FAR_CONST      AUTO           054e:0000       00000000
sdfdestr_DATA1         FAR_CONST      AUTO           054e:0000       00000000
ostopfx_DATA1          FAR_CONST      AUTO           054e:0000       00000000
iouwrtit_DATA1         FAR_CONST      AUTO           054e:0000       00000000
iossetst_DATA1         FAR_CONST      AUTO           054e:0000       00000000
istconsf_DATA1         FAR_CONST      AUTO           054e:0000       0000002c
istdestr_DATA1         FAR_CONST      AUTO           0551:0000       00000000
pure_err_DATA1         FAR_CONST      AUTO           0551:0000       0000001e
istipfx_DATA1          FAR_CONST      AUTO           0552:000e       00000000
ostput_DATA1           FAR_CONST      AUTO           0552:000e       00000000
stfdsgtn_DATA1         FAR_CONST      AUTO           0552:000e       00000000
vfun_err_DATA1         FAR_CONST      AUTO           0552:000e       00000032
stfdspun_DATA1         FAR_CONST      AUTO           0556:0000       00000000
stfpbfai_DATA1         FAR_CONST      AUTO           0556:0000       00000000
sdfoverf_DATA1         FAR_CONST      AUTO           0556:0000       00000000
sdfundrf_DATA1         FAR_CONST      AUTO           0556:0000       00000000
stfsbuf_DATA1          FAR_CONST      AUTO           0556:0000       00000000
stfseeko_DATA1         FAR_CONST      AUTO           0556:0000       00000000
stfseekp_DATA1         FAR_CONST      AUTO           0556:0000       00000000
sdfsync_DATA1          FAR_CONST      AUTO           0556:0000       00000000
stfdoall_DATA1         FAR_CONST      AUTO           0556:0000       00000000
stfconde_DATA1         FAR_CONST      AUTO           0556:0000       0000003a
iosinit_DATA1          FAR_CONST      AUTO           0556:003a       00000000
iosconde_DATA1         FAR_CONST      AUTO           0556:003a       00000012
stfsync_DATA1          FAR_CONST      AUTO           0556:004c       00000000
opdelarr_DATA1         FAR_CONST      AUTO           055b:0000       00000000
iosdestr_DATA1         FAR_CONST      AUTO           055b:0000       00000016
stfdestr_DATA1         FAR_CONST      AUTO           055c:0006       00000000
opnewarr_DATA1         FAR_CONST      AUTO           055d:0000       00000000
iosfail_DATA1          FAR_CONST      AUTO           055d:0000       00000000
istdipfx_DATA1         FAR_CONST      AUTO           055d:0000       00000000
stfsetb_DATA1          FAR_CONST      AUTO           055d:0000       00000000
ioufrxal_DATA1         FAR_CONST      AUTO           055d:0000       00000000
manws_DATA1            FAR_CONST      AUTO           055d:0000       00000000
istpeek_DATA1          FAR_CONST      AUTO           055d:0000       00000000
istget_DATA1           FAR_CONST      AUTO           055d:0000       00000000
main_DATA3             FAR_DATA       AUTO           055d:0000       0000004a
ioicout_DATA1          FAR_DATA       AUTO           055d:004a       00000063
ioicin_DATA1           FAR_DATA       AUTO           055d:00ad       00000030
FAR_DATA               FAR_DATA       AUTO           055d:00dd       00000000
sdfconfp_DATA1         FAR_DATA       AUTO           055d:00dd       00000016
ostconsf_DATA1         FAR_DATA       AUTO           055d:00f3       00000010
ostdestr_DATA1         FAR_DATA       AUTO           055d:0103       00000000
sdfdestr_DATA1         FAR_DATA       AUTO           055d:0103       00000000
istconsf_DATA1         FAR_DATA       AUTO           055d:0103       00000000
istdestr_DATA1         FAR_DATA       AUTO           055d:0103       00000000
stfconde_DATA1         FAR_DATA       AUTO           055d:0103       00000000
iosconde_DATA1         FAR_DATA       AUTO           055d:0103       00000000
iosdestr_DATA1         FAR_DATA       AUTO           055d:0103       00000000
stfdestr_DATA1         FAR_DATA       AUTO           055d:0103       00000000
_NULL                  BEGDATA        DGROUP         056e:0000       00000020
_AFTERNULL             BEGDATA        DGROUP         0570:0000       00000002
CONST                  DATA           DGROUP         0570:0002       00000076
CONST2                 DATA           DGROUP         0577:0008       00000104
_DATA                  DATA           DGROUP         0587:000c       00000204
XIB                    DATA           DGROUP         05a8:0000       00000000
XI                     DATA           DGROUP         05a8:0000       00000030
XIE                    DATA           DGROUP         05ab:0000       00000000
YIB                    DATA           DGROUP         05ab:0000       00000000
YI                     DATA           DGROUP         05ab:0000       00000012
YIE                    DATA           DGROUP         05ac:0002       00000000
STRINGS                DATA           DGROUP         05ac:0002       00000000
DATA                   DATA           DGROUP         05ac:0002       00000000
_BSS                   BSS            DGROUP         05ad:0000       000002a4
STACK                  STACK          DGROUP         05d8:0000       00000800


                        +----------------+
                        |   Memory Map   |
                        +----------------+

* = unreferenced symbol
+ = symbol only referenced locally

Address        Symbol
=======        ======

Module: main.obj(F:\TOOLS\ASM\full2\switcher\main.cpp)
0000:020a+     bool far std::operator =<char far,std::char_traits<char far > far,std::allocator<char far > far >=( std::basic_string<char far,std::char_traits<char far > far,std::allocator<char far > far > const far &, char const far * )
0000:02b8+     far std::allocator<char far >::allocator()
0000:02ed+     far std::basic_string<char far,std::char_traits<char far > far,std::allocator<char far > far >::basic_string( std::allocator<char far > const far & )
0000:0390+     far std::basic_string<char far,std::char_traits<char far > far,std::allocator<char far > far >::basic_string( std::basic_string<char far,std::char_traits<char far > far,std::allocator<char far > far > const far & )
0000:048a+     far std::basic_string<char far,std::char_traits<char far > far,std::allocator<char far > far >::basic_string( char const far *, std::allocator<char far > const far & )
0000:0597+     far std::basic_string<char far,std::char_traits<char far > far,std::allocator<char far > far >::~basic_string()
0000:062a+     char far * far std::basic_string<char far,std::char_traits<char far > far,std::allocator<char far > far >::alloc( int unsigned, int unsigned far & )
0000:0000      main_
056e:0098+     int unsigned const far std::basic_string<char far,std::char_traits<char far > far,std::allocator<char far > far >::npos
Module: g:\watcom\lib286\dos\clibl.lib(stk)
0000:06c5      __STK
0000:06e5*     __STKOVERFLOW_
Module: g:\watcom\lib286\dos\clibl.lib(exit.c)
0000:0702+     __null_int23_exit_
0000:0703      exit_
0000:0734*     _exit_
056e:019e+     ___int23_exit
056e:01a2+     ___FPE_handler_exit
Module: g:\watcom\lib286\dos\clibl.lib(printf.c)
0000:074d      printf_
Module: g:\watcom\lib286\plibl.lib(ioicout.cpp)
056e:0498      std::ostream near std::cout
0000:38ae+     far cout_initfini::cout_initfini()
0000:38bc+     far cout_initfini::~cout_initfini()
Module: g:\watcom\lib286\plibl.lib(ostincch.cpp)
0000:3900      std::ostream far & far std::ostream::operator <<( char const far * )
Module: g:\watcom\lib286\plibl.lib(ioicin.cpp)
056e:0508      std::istream near std::cin
0000:3a12+     far cin_initfini::cin_initfini()
Module: g:\watcom\lib286\plibl.lib(istexpch.cpp)
0000:3a40      std::istream far & far std::istream::operator >>( char far * )
Module: g:\watcom\lib286\plibl.lib(manendl.cpp)
0000:3b90      std::ostream far & far std::endl( std::ostream far & )
Module: g:\watcom\lib286\plibl.lib(ostinomn.cpp)
0000:3bb0      std::ostream far & far std::ostream::operator <<( std::ostream far & (far *)())
Module: g:\watcom\lib286\dos\clibl.lib(strlen.c)
0000:077c      strlen_
Module: g:\watcom\lib286\dos\clibl.lib(memcmp.c)
0000:0791      memcmp_
Module: g:\watcom\lib286\dos\clibl.lib(memcpy.c)
0000:07b6      memcpy_
Module: g:\watcom\lib286\plibl.lib(opdel.cpp)
0000:3bd0      void far operator delete( void far * )
Module: g:\watcom\lib286\plibl.lib(opnew.cpp)
0000:3be0      void far * far operator new( int unsigned )
Module: g:\watcom\lib286\plibl.lib(undefed.cpp)
0000:3c60      __wcpp_4_undefed_cdtor__
Module: g:\watcom\lib286\dos\clibl.lib(cstart)
056e:0000*     __nullarea
056e:01a6*     __ovlflag
056e:01a7*     __intno
056e:01a8*     __ovlvec
0000:07d8      _cstart_
0000:08ab*     _Not_Enough_Memory_
0000:09df      __exit_
0000:09fe      __do_exit_with_msg__
0000:0a5c      __GETDS
Module: g:\watcom\lib286\dos\clibl.lib(cmodel)
0000:0a66      _big_code_
0000:0a66*     CodeModelMismatch
Module: g:\watcom\lib286\dos\clibl.lib(argcv.c)
056e:0538      __argv
056e:053c      ___argv
056e:0540      __argc
056e:0542      ___argc
Module: g:\watcom\lib286\plibl.lib(fsroot.cpp)
056e:03b8      ___wcpp_4_data_init_fs_root_
Module: g:\watcom\lib286\dos\clibl.lib(xmsg.c)
0000:0a66      __exit_with_msg_
0000:0a6b      __fatal_runtime_error_
Module: g:\watcom\lib286\dos\clibl.lib(crwdata)
056e:01ac      __curbrk
056e:01b4      __STACKLOW
056e:01b6      __STACKTOP
056e:01b8      __cbyte
056e:01ba      __child
056e:01bc      __no87
056e:01ca      ___FPE_handler
056e:01ae      __psp
056e:01be      __get_ovl_stack
056e:01c2      __restore_ovl_stack
056e:01c6      __close_ovl_file
056e:01ce      __LpCmdLine
056e:01d2      __LpPgmName
056e:01b0      __osmajor
056e:01b1      __osminor
056e:01b2      __osmode
056e:01b3      __HShift
Module: g:\watcom\lib286\dos\clibl.lib(initrtns.c)
0000:0ac5      __InitRtns
0000:0ac5*     __FInitRtns
0000:0b20      __FiniRtns
0000:0b20*     __FFiniRtns
Module: g:\watcom\lib286\dos\clibl.lib(iob.c)
056e:01d6      ___iob
056e:033e*     __fmode
056e:0544      ___OpenStreams
056e:0548      ___ClosedStreams
Module: g:\watcom\lib286\dos\clibl.lib(fprtf.c)
0000:0b9e      __fprtf_
Module: g:\watcom\lib286\dos\clibl.lib(iobaddr.c)
0000:0c69      __get_std_stream_
0000:0c69*     __get_std_file_
Module: g:\watcom\lib286\plibl.lib(sdfconfp.cpp)
0000:3c90      far stdiobuf::stdiobuf( __iobuf far * )
Module: g:\watcom\lib286\plibl.lib(stablcl.cpp)
0000:3cb0      __wcpp_4_lcl_register__
Module: g:\watcom\lib286\plibl.lib(ostconsf.cpp)
0000:3cc0      far std::ostream::ostream( std::streambuf far * )
Module: g:\watcom\lib286\plibl.lib(ostflush.cpp)
0000:3d60      std::ostream far & far std::ostream::flush()
Module: g:\watcom\lib286\plibl.lib(ostdestr.cpp)
0000:3dc0      far std::ostream::~ostream()
Module: g:\watcom\lib286\plibl.lib(sdfdestr.cpp)
0000:3e50      far stdiobuf::~stdiobuf()
Module: g:\watcom\lib286\plibl.lib(moddtorr.cpp)
056e:03dc      ___wcpp_4_data_module_dtor_ref_
Module: g:\watcom\lib286\plibl.lib(ostopfx.cpp)
0000:3ed0      int far std::ostream::do_opfx()
Module: g:\watcom\lib286\plibl.lib(iouwrtit.cpp)
0000:3f50      int far __WATCOM_ios::writeitem( std::ostream far &, char const far *, int, int )
Module: g:\watcom\lib286\plibl.lib(iossetst.cpp)
0000:42e0      void far std::ios::setstate( int )
Module: g:\watcom\lib286\plibl.lib(istconsf.cpp)
0000:4310      far std::istream::istream( std::streambuf far * )
Module: g:\watcom\lib286\plibl.lib(istdestr.cpp)
0000:43c0      far std::istream::~istream()
Module: g:\watcom\lib286\plibl.lib(pure_err.cpp)
0000:4450      __wcpp_4_pure_error__
Module: g:\watcom\lib286\plibl.lib(istipfx.cpp)
0000:4480      int far std::istream::ipfx( int )
Module: g:\watcom\lib286\dos\clibl.lib(isspace.c)
0000:0c87      isspace_
Module: g:\watcom\lib286\plibl.lib(ostput.cpp)
0000:44d0      std::ostream far & far std::ostream::put( char )
Module: g:\watcom\lib286\dos\clibl.lib(ffree.c)
0000:0c9d*     _ffree_
0000:0c9d      free_
Module: g:\watcom\lib286\dos\clibl.lib(fmalloc.c)
0000:0ce3*     _fmalloc_
0000:0ce3      malloc_
056e:0340+     ___fheap
056e:0342      ___fheapRover
056e:0344      ___LargestSizeB4Rover
Module: g:\watcom\lib286\plibl.lib(cppdata.cpp)
056e:054c      __wint_thread_data
056e:0570*     __compiled_under_generic
Module: g:\watcom\lib286\plibl.lib(fatalerr.cpp)
0000:45c0      __wcpp_4_fatal_runtime_error__
Module: g:\watcom\lib286\dos\clibl.lib(cmain086.c)
0000:0df0      __CMain
Module: g:\watcom\lib286\dos\clibl.lib(uselfn.c)
056e:0346      ___uselfn
Module: g:\watcom\lib286\dos\clibl.lib(dosseg)
0000:0e1c      __DOSseg__
Module: g:\watcom\lib286\dos\clibl.lib(initargv.c)
0000:0e1d      __Init_Argv_
0000:0e80+     _getargv_
0000:107f      __Fini_Argv_
Module: g:\watcom\lib286\dos\clibl.lib(enterdb.c)
0000:10a9      __EnterWVIDEO_
056e:0348+     ___WD_Present
Module: g:\watcom\lib286\dos\clibl.lib(sgdef086)
056e:03a0      __Start_XI
056e:03d0      __End_XI
056e:03d0      __Start_YI
056e:03e2      __End_YI
Module: g:\watcom\lib286\dos\clibl.lib(initfile.c)
0000:10ce      __InitFiles_
Module: g:\watcom\lib286\dos\clibl.lib(ioexit.c)
0000:121c*     fcloseall_
0000:1223      __full_io_exit_
Module: g:\watcom\lib286\dos\clibl.lib(fputc.c)
0000:122d      fputc_
Module: g:\watcom\lib286\dos\clibl.lib(ioalloc.c)
0000:12fd      __ioalloc_
Module: g:\watcom\lib286\dos\clibl.lib(prtf.c)
0000:1397      __prtf_
Module: g:\watcom\lib286\dos\clibl.lib(flush.c)
0000:2165      __flush_
Module: g:\watcom\lib286\plibl.lib(stfdsgtn.cpp)
0000:45f0      int far std::streambuf::do_sgetn( char far *, int )
Module: g:\watcom\lib286\plibl.lib(vfun_err.cpp)
0000:4690      __wcpp_4_undef_vfun__
Module: g:\watcom\lib286\plibl.lib(stfdspun.cpp)
0000:46c0      int far std::streambuf::do_sputn( char const far *, int )
Module: g:\watcom\lib286\plibl.lib(stfpbfai.cpp)
0000:47b0      int far std::streambuf::pbackfail( int )
Module: g:\watcom\lib286\plibl.lib(sdfoverf.cpp)
0000:47c0      int far stdiobuf::overflow( int )
Module: g:\watcom\lib286\plibl.lib(sdfundrf.cpp)
0000:49b0      int far stdiobuf::underflow()
Module: g:\watcom\lib286\plibl.lib(stfsbuf.cpp)
0000:4b40      std::streambuf far * far std::streambuf::setbuf( char far *, int )
Module: g:\watcom\lib286\plibl.lib(stfseeko.cpp)
0000:4bd0      long far std::streambuf::seekoff( long, int, int )
Module: g:\watcom\lib286\plibl.lib(stfseekp.cpp)
0000:4be0      long far std::streambuf::seekpos( long, int )
Module: g:\watcom\lib286\plibl.lib(sdfsync.cpp)
0000:4c10      int far stdiobuf::sync()
Module: g:\watcom\lib286\plibl.lib(stfdoall.cpp)
0000:4c40      int far std::streambuf::doallocate()
Module: g:\watcom\lib286\plibl.lib(stfconde.cpp)
0000:4c80      far std::streambuf::streambuf()
Module: g:\watcom\lib286\plibl.lib(stabmod.cpp)
0000:4cf0      __wcpp_4_module_dtor__
0000:4d46      __wcpp_4_mod_register__
Module: g:\watcom\lib286\plibl.lib(iosinit.cpp)
0000:4d70      void far std::ios::init( std::streambuf far * )
Module: g:\watcom\lib286\plibl.lib(iosconde.cpp)
0000:4de0      far std::ios::ios()
Module: g:\watcom\lib286\plibl.lib(stfsync.cpp)
0000:4e00      int far std::streambuf::sync()
Module: g:\watcom\lib286\plibl.lib(dtorarst.cpp)
0000:4e30      __wcpp_4_dtor_array_store__
Module: g:\watcom\lib286\plibl.lib(opdelarr.cpp)
0000:4e60      void far operator delete []( void far * )
Module: g:\watcom\lib286\plibl.lib(iosdestr.cpp)
0000:4e70      far std::ios::~ios()
Module: g:\watcom\lib286\plibl.lib(stfdestr.cpp)
0000:4ed0      far std::streambuf::~streambuf()
Module: g:\watcom\lib286\plibl.lib(opnewarr.cpp)
0000:4f00      void far * far operator new []( int unsigned )
Module: g:\watcom\lib286\plibl.lib(iosfail.cpp)
0000:4f10      far std::ios::failure::failure( int )
Module: g:\watcom\lib286\plibl.lib(prwdata.cpp)
056e:0576      __wint_pure_error_flag
056e:0578      __wint_undef_vfun_flag
056e:057a      __wint_module_init
Module: g:\watcom\lib286\plibl.lib(istdipfx.cpp)
0000:4f20      int far std::istream::do_ipfx( int )
Module: g:\watcom\lib286\dos\clibl.lib(istable.c)
056e:009a      __IsTable
Module: g:\watcom\lib286\dos\clibl.lib(nmalloc.c)
0000:2298      _nmalloc_
056e:034a      ___nheapbeg
056e:034c      ___MiniHeapRover
056e:034e      ___LargestSizeB4MiniHeapRover
Module: g:\watcom\lib286\dos\clibl.lib(mem.c)
0000:2380      __MemAllocator
0000:244a      __MemFree
Module: g:\watcom\lib286\dos\clibl.lib(nfree.c)
0000:25a7      _nfree_
056e:057e+     ___MiniHeapFreeRover
Module: g:\watcom\lib286\dos\clibl.lib(hpgrw086.c)
0000:26a2      __CMain_nheapgrow_
Module: g:\watcom\lib286\dos\clibl.lib(growseg.c)
0000:26a7      __GrowSeg_
Module: g:\watcom\lib286\dos\clibl.lib(allocseg.c)
0000:2799      __AllocSeg_
Module: g:\watcom\lib286\dos\clibl.lib(fmemneed.c)
0000:2830      __fmemneed_
Module: g:\watcom\lib286\dos\clibl.lib(___argc.c)
056e:0580      ____Argv
056e:0584      ____Argc
Module: g:\watcom\lib286\dos\clibl.lib(amblksiz.c)
056e:0350      __amblksiz
Module: g:\watcom\lib286\dos\clibl.lib(histsplt.c)
056e:0586      ___historical_splitparms
Module: g:\watcom\lib286\dos\clibl.lib(fclose.c)
0000:2833+     __doclose_
0000:28e4      __shutdown_stream_
0000:28fe*     fclose_
056e:0588+     ___RmTmpFileFn
Module: g:\watcom\lib286\dos\clibl.lib(freefp.c)
0000:2949      __freefp_
0000:29c4      __purgefp_
Module: g:\watcom\lib286\dos\clibl.lib(seterrno.c)
0000:2a05      __set_errno_
0000:2a19*     __set_EDOM_
0000:2a2b*     __set_ERANGE_
0000:2a3d*     __set_EINVAL_
0000:2a52      __set_doserrno_
Module: g:\watcom\lib286\dos\clibl.lib(chktty.c)
0000:2a5e      __chktty_
Module: g:\watcom\lib286\dos\clibl.lib(wctomb.c)
0000:2a89      wctomb_
Module: g:\watcom\lib286\dos\clibl.lib(itoa.c)
0000:2ab2+     utoa_
0000:2b0f      itoa_
Module: g:\watcom\lib286\dos\clibl.lib(i4m)
0000:2b34*     __I4M
0000:2b34      __U4M
Module: g:\watcom\lib286\dos\clibl.lib(strupr.c)
0000:2b4c      strupr_
Module: g:\watcom\lib286\dos\clibl.lib(noefgfmt.c)
056e:0352      ___EFG_printf
056e:0356*     ___EFG_scanf
Module: g:\watcom\lib286\dos\clibl.lib(mbisdbcs.c)
056e:058c      ___IsDBCS
Module: g:\watcom\lib286\dos\clibl.lib(mbislead.c)
0000:2b81*     _ismbblead_
056e:058e      ___MBCSIsTable
Module: g:\watcom\lib286\dos\clibl.lib(lltoa.c)
0000:2b9d      ulltoa_
0000:2c82*     lltoa_
Module: g:\watcom\lib286\dos\clibl.lib(ltoa.c)
0000:2ce4      ultoa_
0000:2d53*     ltoa_
Module: g:\watcom\lib286\dos\clibl.lib(__lseek.c)
0000:2d82      __lseek_
Module: g:\watcom\lib286\dos\clibl.lib(qwrit.c)
0000:2dbc      __qwrite_
Module: g:\watcom\lib286\dos\clibl.lib(fsync.c)
0000:2e19      fsync_
Module: g:\watcom\lib286\dos\clibl.lib(fwrite.c)
0000:2e1e      fwrite_
Module: g:\watcom\lib286\dos\clibl.lib(memmove.c)
0000:3019      memmove_
Module: g:\watcom\lib286\dos\clibl.lib(fgetc.c)
0000:308f+     __fill_buffer_
0000:3184      fgetc_
Module: g:\watcom\lib286\plibl.lib(stfsetb.cpp)
0000:4fd0      void far std::streambuf::setb( char far *, char far *, int )
Module: g:\watcom\lib286\dos\clibl.lib(liballoc.c)
0000:3229      _plib_malloc_
0000:322e      _plib_free_
Module: g:\watcom\lib286\plibl.lib(stabadt.cpp)
0000:5060+     void far * far dtor_the_array( _RTARCTOR far * )
0000:50c8      __wcpp_4_dtor_array__
Module: g:\watcom\lib286\plibl.lib(ioufrxal.cpp)
0000:5100      void far __WATCOM_ios::free_xalloc_storage( std::ios far * )
Module: g:\watcom\lib286\plibl.lib(manws.cpp)
0000:5140      std::istream far & far std::ws( std::istream far & )
Module: g:\watcom\lib286\dos\clibl.lib(nmemneed.c)
0000:3233      __nmemneed_
Module: g:\watcom\lib286\dos\clibl.lib(grownear.c)
0000:32bb      __LastFree_
0000:3335      __ExpandDGROUP_
Module: g:\watcom\lib286\dos\clibl.lib(heapgrow.c)
0000:3446*     _heapgrow_
0000:3446*     _fheapgrow_
0000:3447      _nheapgrow_
Module: g:\watcom\lib286\dos\clibl.lib(heapen.c)
0000:34c1*     _heapenable_
056e:035a      ___heap_enabled
Module: g:\watcom\lib286\dos\clibl.lib(_clse.c)
0000:34d2      __close_
Module: g:\watcom\lib286\dos\clibl.lib(errno.c)
0000:3505      __get_errno_ptr_
0000:350c      __get_doserrno_ptr_
056e:0690+     _errno
056e:0692+     __doserrno
Module: g:\watcom\lib286\dos\clibl.lib(isatt.c)
0000:3513      isatty_
Module: g:\watcom\lib286\dos\clibl.lib(alphabet.c)
056e:0072      ___Alphabet
Module: g:\watcom\lib286\dos\clibl.lib(mbinit.c)
0000:356d      __mbinit_
056e:035c+     ___MBCodePage
Module: g:\watcom\lib286\dos\clibl.lib(dosret.c)
0000:3648*     _dosretax_
0000:364d*     _dosret0_
0000:3654      __set_errno_dos_
0000:36b2*     __set_errno_dos_reterr_
Module: g:\watcom\lib286\dos\clibl.lib(iomode.c)
0000:36bd      __GetIOMode_
0000:36e2      __SetIOMode_nogrow_
056e:0372+     ___NFiles
056e:0374+     ___init_mode
056e:039c+     ___io_mode
Module: g:\watcom\lib286\dos\clibl.lib(filedos.c)
0000:3705*     _dos_close_
0000:3713      _dos_commit_
Module: g:\watcom\lib286\dos\clibl.lib(flushall.c)
0000:3723      __flushall_
0000:3780*     flushall_
Module: g:\watcom\lib286\dos\clibl.lib(gtche.c)
0000:3785      getche_
Module: g:\watcom\lib286\dos\clibl.lib(qread.c)
0000:379f      __qread_
Module: g:\watcom\lib286\plibl.lib(istpeek.cpp)
0000:5180      int far std::istream::peek()
Module: g:\watcom\lib286\plibl.lib(istget.cpp)
0000:5200      int far std::istream::get()
Module: g:\watcom\lib286\dos\clibl.lib(sbrk.c)
0000:37bf*     sbrk_
0000:37cf      __brk_
Module: g:\watcom\lib286\dos\clibl.lib(doserror)
0000:383a      __doserror_


                        +--------------------+
                        |   Libraries Used   |
                        +--------------------+

g:\watcom\lib286\dos\clibl.lib
g:\watcom\lib286\plibl.lib


                        +-----------------------+
                        |   Linker Statistics   |
                        +-----------------------+

Stack size:  0800 (2048.)
Memory size:  6580 (25984.)
Entry point address: 0000:07d8
Link time: 00:00.16
