Open Watcom Linker Version 1.9
Portions Copyright (c) 1985-2002 Sybase, Inc. All Rights Reserved.
Created on:       19/02/03 17:15:45
Executable Image: dism.exe
creating a DOS executable


                        +------------+
                        |   Groups   |
                        +------------+

Group                           Address              Size
=====                           =======              ====

DGROUP                          07a1:0000            0000e860



                        +--------------+
                        |   Segments   |
                        +--------------+

Segment                Class          Group          Address         Size
=======                =====          =====          =======         ====

decode_TEXT            CODE           AUTO           0000:0000       00002954
itab_TEXT              CODE           AUTO           0000:2954       00000000
main_TEXT              CODE           AUTO           0000:2954       000001d1
syn-att_TEXT           CODE           AUTO           0000:2b25       000007a8
syn-intel_TEXT         CODE           AUTO           0000:32cd       000007d7
syn_TEXT               CODE           AUTO           0000:3aa4       000007dc
udis86_TEXT            CODE           AUTO           0000:4280       00000954
_TEXT                  CODE           AUTO           0000:4be0       00002e22
FAR_DATA               FAR_DATA       AUTO           07a0:0002       00000000
_NULL                  BEGDATA        DGROUP         07a1:0000       00000020
_AFTERNULL             BEGDATA        DGROUP         07a3:0000       00000002
CONST                  DATA           DGROUP         07a3:0002       000014ea
CONST2                 DATA           DGROUP         08f1:000c       000028ca
_DATA                  DATA           DGROUP         0b7e:0006       0000a0c2
XIB                    DATA           DGROUP         158a:0008       00000000
XI                     DATA           DGROUP         158a:0008       0000001e
XIE                    DATA           DGROUP         158c:0006       00000000
YIB                    DATA           DGROUP         158c:0006       00000000
YI                     DATA           DGROUP         158c:0006       0000000c
YIE                    DATA           DGROUP         158d:0002       00000000
STRINGS                DATA           DGROUP         158d:0002       00000000
DATA                   DATA           DGROUP         158d:0002       00000000
_BSS                   BSS            DGROUP         158d:0002       00000192
STACK                  STACK          DGROUP         15a7:0000       00000800


                        +----------------+
                        |   Memory Map   |
                        +----------------+

* = unreferenced symbol
+ = symbol only referenced locally

Address        Symbol
=======        ======

Module: decode.obj(F:\TOOLS\ASM\full2\dis\decode.c)
0000:27ce      ud_decode_
Module: itab.obj(F:\TOOLS\ASM\full2\dis\itab.c)
07a1:3bd6+     _ud_itab__0
07a1:3df6      _ud_lookup_table_list
07a1:6a38      _ud_itab
07a1:d03e      _ud_mnemonics_str
Module: main.obj(F:\TOOLS\ASM\full2\dis\main.c)
0000:2954+     hook_
0000:29d3      main_
07a1:da5e+     _fpp
07a1:da62+     _sz
07a1:da63+     _im
07a1:da65+     _ty
07a1:dec2+     _dsr
Module: syn-att.obj(F:\TOOLS\ASM\full2\dis\syn-att.c)
0000:2e72+     ud_translate_att_
Module: syn-intel.obj(F:\TOOLS\ASM\full2\dis\syn-intel.c)
0000:36ca      ud_translate_intel_
Module: syn.obj(F:\TOOLS\ASM\full2\dis\syn.c)
0000:3aa4      ud_syn_rel_target_
0000:3c82      ud_asmprintf_
0000:3d29      ud_syn_print_addr_
0000:3e59      ud_syn_print_imm_
0000:402b      ud_syn_print_mem_disp_
07a1:da68      _ud_reg_tab
Module: udis86.obj(F:\TOOLS\ASM\full2\dis\udis86.c)
0000:4280      ud_init_
0000:4318      ud_disassemble_
0000:43a1      ud_set_mode_
0000:43f3+     ud_set_vendor_
0000:4445+     ud_set_pc_
0000:447c      ud_set_syntax_
0000:44b3      ud_insn_asm_
0000:44f0+     ud_insn_off_
0000:452f+     ud_insn_hex_
0000:45e6+     ud_insn_ptr_
0000:4666+     ud_insn_len_
0000:4695+     ud_insn_opr_
0000:4701      ud_opr_is_sreg_
0000:4757+     ud_opr_is_gpr_
0000:47ad+     ud_set_user_opaque_data_
0000:47e6+     ud_get_user_opaque_data_
0000:4823+     ud_set_asm_buffer_
0000:489a+     ud_set_sym_resolver_
0000:48d3+     ud_insn_mnemonic_
0000:4903      ud_lookup_mnemonic_
0000:49cf      ud_set_input_hook_
0000:4a10+     ud_set_input_buffer_
0000:4aa1+     ud_set_input_file_
0000:4af2+     ud_input_skip_
0000:4ba5+     ud_input_end_
Module: G:\WATCOM/lib286/dos\clibl.lib(stk)
0000:4be5      __STK
0000:4c05*     __STKOVERFLOW_
Module: G:\WATCOM/lib286/dos\clibl.lib(i8ls086)
0000:4c22*     __I8LS
0000:4c22      __U8LS
Module: G:\WATCOM/lib286/dos\clibl.lib(memset.c)
0000:4c32      memset_
Module: G:\WATCOM/lib286/dos\clibl.lib(cmodel)
0000:4c4a      _big_code_
0000:4c4a*     CodeModelMismatch
Module: G:\WATCOM/lib286/dos\clibl.lib(sprintf.c)
0000:4c4a      sprintf_
Module: G:\WATCOM/lib286/dos\clibl.lib(cstart)
07a1:0000*     __nullarea
07a1:dc96*     __ovlflag
07a1:dc97*     __intno
07a1:dc98*     __ovlvec
0000:4c7a      _cstart_
0000:4d4d*     _Not_Enough_Memory_
0000:4e81      __exit_
0000:4ea0      __do_exit_with_msg__
0000:4efe      __GETDS
Module: G:\WATCOM/lib286/dos\clibl.lib(argcv.c)
07a1:df26      __argv
07a1:df2a      ___argv
07a1:df2e      __argc
07a1:df30      ___argc
Module: G:\WATCOM/lib286/dos\clibl.lib(u8rs086)
0000:4f08      __U8RS
Module: G:\WATCOM/lib286/dos\clibl.lib(snprintf.c)
0000:4f4f      vsnprintf_
0000:4fd3*     snprintf_
Module: G:\WATCOM/lib286/dos\clibl.lib(iob.c)
07a1:dc9c      ___iob
07a1:de04*     __fmode
07a1:df32      ___OpenStreams
07a1:df36      ___ClosedStreams
Module: G:\WATCOM/lib286/dos\clibl.lib(fgetc.c)
0000:5002+     __fill_buffer_
0000:50f7      fgetc_
Module: G:\WATCOM/lib286/dos\clibl.lib(xmsg.c)
0000:519c*     __exit_with_msg_
0000:51a1      __fatal_runtime_error_
Module: G:\WATCOM/lib286/dos\clibl.lib(crwdata)
07a1:de06      __curbrk
07a1:de0e      __STACKLOW
07a1:de10      __STACKTOP
07a1:de12      __cbyte
07a1:de14      __child
07a1:de16      __no87
07a1:de24      ___FPE_handler
07a1:de08      __psp
07a1:de18      __get_ovl_stack
07a1:de1c      __restore_ovl_stack
07a1:de20      __close_ovl_file
07a1:de28      __LpCmdLine
07a1:de2c      __LpPgmName
07a1:de0a      __osmajor
07a1:de0b      __osminor
07a1:de0c      __osmode
07a1:de0d      __HShift
Module: G:\WATCOM/lib286/dos\clibl.lib(vsprintf.c)
0000:51d9      vsprintf_
Module: G:\WATCOM/lib286/dos\clibl.lib(cmain086.c)
0000:5204      __CMain
Module: G:\WATCOM/lib286/dos\clibl.lib(initrtns.c)
0000:526a      __InitRtns
0000:526a*     __FInitRtns
0000:52c5      __FiniRtns
0000:52c5*     __FFiniRtns
Module: G:\WATCOM/lib286/dos\clibl.lib(uselfn.c)
07a1:de30      ___uselfn
Module: G:\WATCOM/lib286/dos\clibl.lib(dosseg)
0000:532a      __DOSseg__
Module: G:\WATCOM/lib286/dos\clibl.lib(initargv.c)
0000:532b      __Init_Argv_
0000:538e+     _getargv_
0000:558d      __Fini_Argv_
Module: G:\WATCOM/lib286/dos\clibl.lib(prtf.c)
0000:55b7      __prtf_
Module: G:\WATCOM/lib286/dos\clibl.lib(initfile.c)
0000:6385      __InitFiles_
Module: G:\WATCOM/lib286/dos\clibl.lib(ioexit.c)
0000:64d3*     fcloseall_
0000:64da      __full_io_exit_
Module: G:\WATCOM/lib286/dos\clibl.lib(flushall.c)
0000:64e4      __flushall_
0000:6541*     flushall_
Module: G:\WATCOM/lib286/dos\clibl.lib(gtche.c)
0000:6546      getche_
Module: G:\WATCOM/lib286/dos\clibl.lib(ioalloc.c)
0000:6560      __ioalloc_
Module: G:\WATCOM/lib286/dos\clibl.lib(qread.c)
0000:65fa      __qread_
Module: G:\WATCOM/lib286/dos\clibl.lib(seterrno.c)
0000:661a      __set_errno_
0000:662e*     __set_EDOM_
0000:6640*     __set_ERANGE_
0000:6652*     __set_EINVAL_
0000:6667      __set_doserrno_
Module: G:\WATCOM/lib286/dos\clibl.lib(enterdb.c)
0000:6673      __EnterWVIDEO_
07a1:de32+     ___WD_Present
Module: G:\WATCOM/lib286/dos\clibl.lib(___argc.c)
07a1:df3e      ____Argv
07a1:df42      ____Argc
Module: G:\WATCOM/lib286/dos\clibl.lib(amblksiz.c)
07a1:de34      __amblksiz
Module: G:\WATCOM/lib286/dos\clibl.lib(exit.c)
0000:6697+     __null_int23_exit_
0000:6698      exit_
0000:66c9*     _exit_
07a1:de36+     ___int23_exit
07a1:de3a+     ___FPE_handler_exit
Module: G:\WATCOM/lib286/dos\clibl.lib(sgdef086)
07a1:de98      __Start_XI
07a1:deb6      __End_XI
07a1:deb6      __Start_YI
07a1:dec2      __End_YI
Module: G:\WATCOM/lib286/dos\clibl.lib(histsplt.c)
07a1:df44      ___historical_splitparms
Module: G:\WATCOM/lib286/dos\clibl.lib(nmalloc.c)
0000:66e2      _nmalloc_
07a1:de3e      ___nheapbeg
07a1:de40      ___MiniHeapRover
07a1:de42      ___LargestSizeB4MiniHeapRover
Module: G:\WATCOM/lib286/dos\clibl.lib(fmalloc.c)
0000:67bc*     _fmalloc_
0000:67bc      malloc_
07a1:de44+     ___fheap
07a1:de46      ___fheapRover
07a1:de48      ___LargestSizeB4Rover
Module: G:\WATCOM/lib286/dos\clibl.lib(ffree.c)
0000:68c9*     _ffree_
0000:68c9      free_
Module: G:\WATCOM/lib286/dos\clibl.lib(wctomb.c)
0000:690f      wctomb_
Module: G:\WATCOM/lib286/dos\clibl.lib(itoa.c)
0000:6938+     utoa_
0000:6995      itoa_
Module: G:\WATCOM/lib286/dos\clibl.lib(i4m)
0000:69ba*     __I4M
0000:69ba      __U4M
Module: G:\WATCOM/lib286/dos\clibl.lib(strupr.c)
0000:69d2      strupr_
Module: G:\WATCOM/lib286/dos\clibl.lib(noefgfmt.c)
07a1:de4a      ___EFG_printf
07a1:de4e*     ___EFG_scanf
Module: G:\WATCOM/lib286/dos\clibl.lib(mbisdbcs.c)
07a1:df46      ___IsDBCS
Module: G:\WATCOM/lib286/dos\clibl.lib(mbislead.c)
0000:6a07*     _ismbblead_
07a1:df48      ___MBCSIsTable
Module: G:\WATCOM/lib286/dos\clibl.lib(lltoa.c)
0000:6a23      ulltoa_
0000:6b08*     lltoa_
Module: G:\WATCOM/lib286/dos\clibl.lib(ltoa.c)
0000:6b6a      ultoa_
0000:6bd9*     ltoa_
Module: G:\WATCOM/lib286/dos\clibl.lib(fclose.c)
0000:6c08+     __doclose_
0000:6cb9      __shutdown_stream_
0000:6cd3*     fclose_
07a1:e04a+     ___RmTmpFileFn
Module: G:\WATCOM/lib286/dos\clibl.lib(freefp.c)
0000:6d1e      __freefp_
0000:6d99      __purgefp_
Module: G:\WATCOM/lib286/dos\clibl.lib(flush.c)
0000:6dda      __flush_
Module: G:\WATCOM/lib286/dos\clibl.lib(chktty.c)
0000:6f0d      __chktty_
Module: G:\WATCOM/lib286/dos\clibl.lib(dosret.c)
0000:6f38*     _dosretax_
0000:6f3d*     _dosret0_
0000:6f44      __set_errno_dos_
0000:6fa2*     __set_errno_dos_reterr_
Module: G:\WATCOM/lib286/dos\clibl.lib(errno.c)
0000:6fad      __get_errno_ptr_
0000:6fb4      __get_doserrno_ptr_
07a1:e04e+     _errno
07a1:e050+     __doserrno
Module: G:\WATCOM/lib286/dos\clibl.lib(nmemneed.c)
0000:6fbb      __nmemneed_
Module: G:\WATCOM/lib286/dos\clibl.lib(mem.c)
0000:6fc0      __MemAllocator
0000:708a      __MemFree
Module: G:\WATCOM/lib286/dos\clibl.lib(grownear.c)
0000:726c      __LastFree_
0000:72e6      __ExpandDGROUP_
Module: G:\WATCOM/lib286/dos\clibl.lib(hpgrw086.c)
0000:73f7      __CMain_nheapgrow_
Module: G:\WATCOM/lib286/dos\clibl.lib(growseg.c)
0000:73fc      __GrowSeg_
Module: G:\WATCOM/lib286/dos\clibl.lib(allocseg.c)
0000:74ee      __AllocSeg_
Module: G:\WATCOM/lib286/dos\clibl.lib(fmemneed.c)
0000:7585      __fmemneed_
Module: G:\WATCOM/lib286/dos\clibl.lib(nfree.c)
0000:7588      _nfree_
07a1:e052+     ___MiniHeapFreeRover
Module: G:\WATCOM/lib286/dos\clibl.lib(alphabet.c)
07a1:14e6      ___Alphabet
Module: G:\WATCOM/lib286/dos\clibl.lib(mbinit.c)
0000:76c1      __mbinit_
07a1:de66+     ___MBCodePage
Module: G:\WATCOM/lib286/dos\clibl.lib(__lseek.c)
0000:779c      __lseek_
Module: G:\WATCOM/lib286/dos\clibl.lib(_clse.c)
0000:77d6      __close_
Module: G:\WATCOM/lib286/dos\clibl.lib(qwrit.c)
0000:7809      __qwrite_
Module: G:\WATCOM/lib286/dos\clibl.lib(fsync.c)
0000:7866      fsync_
Module: G:\WATCOM/lib286/dos\clibl.lib(isatt.c)
0000:786b      isatty_
Module: G:\WATCOM/lib286/dos\clibl.lib(heapen.c)
0000:7887*     _heapenable_
07a1:de68      ___heap_enabled
Module: G:\WATCOM/lib286/dos\clibl.lib(sbrk.c)
0000:7898*     sbrk_
0000:78a8      __brk_
Module: G:\WATCOM/lib286/dos\clibl.lib(heapgrow.c)
0000:7912*     _heapgrow_
0000:7912*     _fheapgrow_
0000:7913      _nheapgrow_
Module: G:\WATCOM/lib286/dos\clibl.lib(iomode.c)
0000:798d      __GetIOMode_
0000:79b2      __SetIOMode_nogrow_
07a1:de6a+     ___NFiles
07a1:de6c+     ___init_mode
07a1:de94+     ___io_mode
Module: G:\WATCOM/lib286/dos\clibl.lib(filedos.c)
0000:79d5*     _dos_close_
0000:79e3      _dos_commit_
Module: G:\WATCOM/lib286/dos\clibl.lib(doserror)
0000:79f4      __doserror_


                        +--------------------+
                        |   Libraries Used   |
                        +--------------------+

G:\WATCOM/lib286/dos\clibl.lib


                        +-----------------------+
                        |   Linker Statistics   |
                        +-----------------------+

Stack size:  0800 (2048.)
Memory size:  00016270 (90736.)
Entry point address: 0000:4c7a
Link time: 00:00.78
