Open Watcom Linker Version 1.9
Portions Copyright (c) 1985-2002 Sybase, Inc. All Rights Reserved.
Created on:       19/01/28 01:06:13
Executable Image: dism.exe
creating a DOS executable


                        +------------+
                        |   Groups   |
                        +------------+

Group                           Address              Size
=====                           =======              ====

DGROUP                          07f9:0000            0000e7f0



                        +--------------+
                        |   Segments   |
                        +--------------+

Segment                Class          Group          Address         Size
=======                =====          =====          =======         ====

decode_TEXT            CODE           AUTO           0000:0000       00002954
itab_TEXT              CODE           AUTO           0000:2954       00000000
main_TEXT              CODE           AUTO           0000:2954       000000f7
syn-att_TEXT           CODE           AUTO           0000:2a4b       000007a8
syn-intel_TEXT         CODE           AUTO           0000:31f3       000007d7
syn_TEXT               CODE           AUTO           0000:39ca       000007dc
udis86_TEXT            CODE           AUTO           0000:41a6       00000954
_TEXT                  CODE           AUTO           0000:4b00       00003486
FAR_DATA               FAR_DATA       AUTO           07f8:0006       00000000
_NULL                  BEGDATA        DGROUP         07f9:0000       00000020
_AFTERNULL             BEGDATA        DGROUP         07fb:0000       00000002
CONST                  DATA           DGROUP         07fb:0002       000014f0
CONST2                 DATA           DGROUP         094a:0002       000028ca
_DATA                  DATA           DGROUP         0bd6:000c       0000a0b8
XIB                    DATA           DGROUP         15e2:0004       00000000
XI                     DATA           DGROUP         15e2:0004       0000001e
XIE                    DATA           DGROUP         15e4:0002       00000000
YIB                    DATA           DGROUP         15e4:0002       00000000
YI                     DATA           DGROUP         15e4:0002       0000000c
YIE                    DATA           DGROUP         15e4:000e       00000000
STRINGS                DATA           DGROUP         15e4:000e       00000000
DATA                   DATA           DGROUP         15e4:000e       00000000
_BSS                   BSS            DGROUP         15e4:000e       0000012e
STACK                  STACK          DGROUP         15f8:0000       00000800


                        +----------------+
                        |   Memory Map   |
                        +----------------+

* = unreferenced symbol
+ = symbol only referenced locally

Address        Symbol
=======        ======

Module: decode.obj(F:\TOOLS\ASM\full2\dis\decode.c)
0000:27ce      ud_decode_
Module: itab.obj(F:\TOOLS\ASM\full2\dis\itab.c)
07f9:3bdc+     _ud_itab__0
07f9:3dfc      _ud_lookup_table_list
07f9:6a3e      _ud_itab
07f9:d044      _ud_mnemonics_str
Module: main.obj(F:\TOOLS\ASM\full2\dis\main.c)
0000:2954+     cb_
0000:2990      main_
Module: syn-att.obj(F:\TOOLS\ASM\full2\dis\syn-att.c)
0000:2d98+     ud_translate_att_
Module: syn-intel.obj(F:\TOOLS\ASM\full2\dis\syn-intel.c)
0000:35f0      ud_translate_intel_
Module: syn.obj(F:\TOOLS\ASM\full2\dis\syn.c)
0000:39ca      ud_syn_rel_target_
0000:3ba8      ud_asmprintf_
0000:3c4f      ud_syn_print_addr_
0000:3d7f      ud_syn_print_imm_
0000:3f51      ud_syn_print_mem_disp_
07f9:da64      _ud_reg_tab
Module: udis86.obj(F:\TOOLS\ASM\full2\dis\udis86.c)
0000:41a6      ud_init_
0000:423e      ud_disassemble_
0000:42c7      ud_set_mode_
0000:4319+     ud_set_vendor_
0000:436b+     ud_set_pc_
0000:43a2      ud_set_syntax_
0000:43d9      ud_insn_asm_
0000:4416+     ud_insn_off_
0000:4455+     ud_insn_hex_
0000:450c+     ud_insn_ptr_
0000:458c+     ud_insn_len_
0000:45bb+     ud_insn_opr_
0000:4627      ud_opr_is_sreg_
0000:467d+     ud_opr_is_gpr_
0000:46d3+     ud_set_user_opaque_data_
0000:470c+     ud_get_user_opaque_data_
0000:4749+     ud_set_asm_buffer_
0000:47c0+     ud_set_sym_resolver_
0000:47f9+     ud_insn_mnemonic_
0000:4829      ud_lookup_mnemonic_
0000:48f5+     ud_set_input_hook_
0000:4936      ud_set_input_buffer_
0000:49c7+     ud_set_input_file_
0000:4a18+     ud_input_skip_
0000:4acb+     ud_input_end_
Module: G:\WATCOM/lib286/dos\clibl.lib(stk)
0000:4b05      __STK
0000:4b25*     __STKOVERFLOW_
Module: G:\WATCOM/lib286/dos\clibl.lib(i8ls086)
0000:4b42*     __I8LS
0000:4b42      __U8LS
Module: G:\WATCOM/lib286/dos\clibl.lib(memset.c)
0000:4b52      memset_
Module: G:\WATCOM/lib286/dos\clibl.lib(cmodel)
0000:4b6a      _big_code_
0000:4b6a*     CodeModelMismatch
Module: G:\WATCOM/lib286/dos\clibl.lib(intx086.c)
0000:4b6a+     int86x_
0000:4c03      int86_
Module: G:\WATCOM/lib286/dos\clibl.lib(printf.c)
0000:4c30      printf_
Module: G:\WATCOM/lib286/dos\clibl.lib(cstart)
07f9:0000*     __nullarea
07f9:dc92*     __ovlflag
07f9:dc93*     __intno
07f9:dc94*     __ovlvec
0000:4c60      _cstart_
0000:4d33*     _Not_Enough_Memory_
0000:4e67      __exit_
0000:4e86      __do_exit_with_msg__
0000:4ee4      __GETDS
Module: G:\WATCOM/lib286/dos\clibl.lib(argcv.c)
07f9:debe      __argv
07f9:dec2      ___argv
07f9:dec6      __argc
07f9:dec8      ___argc
Module: G:\WATCOM/lib286/dos\clibl.lib(u8rs086)
0000:4eee      __U8RS
Module: G:\WATCOM/lib286/dos\clibl.lib(snprintf.c)
0000:4f35      vsnprintf_
0000:4fb9*     snprintf_
Module: G:\WATCOM/lib286/dos\clibl.lib(iob.c)
07f9:dc98      ___iob
07f9:de00*     __fmode
07f9:deca      ___OpenStreams
07f9:dece      ___ClosedStreams
Module: G:\WATCOM/lib286/dos\clibl.lib(sprintf.c)
0000:4fe8      sprintf_
Module: G:\WATCOM/lib286/dos\clibl.lib(fgetc.c)
0000:5017+     __fill_buffer_
0000:510c      fgetc_
Module: G:\WATCOM/lib286/dos\clibl.lib(xmsg.c)
0000:51b1*     __exit_with_msg_
0000:51b6      __fatal_runtime_error_
Module: G:\WATCOM/lib286/dos\clibl.lib(crwdata)
07f9:de02      __curbrk
07f9:de0a      __STACKLOW
07f9:de0c      __STACKTOP
07f9:de0e      __cbyte
07f9:de10      __child
07f9:de12      __no87
07f9:de20      ___FPE_handler
07f9:de04      __psp
07f9:de14      __get_ovl_stack
07f9:de18      __restore_ovl_stack
07f9:de1c      __close_ovl_file
07f9:de24      __LpCmdLine
07f9:de28      __LpPgmName
07f9:de06      __osmajor
07f9:de07      __osminor
07f9:de08      __osmode
07f9:de09      __HShift
Module: G:\WATCOM/lib286/dos\clibl.lib(intr.c)
0000:51d4      intr_
Module: G:\WATCOM/lib286/dos\clibl.lib(segread.c)
0000:51e8      segread_
Module: G:\WATCOM/lib286/dos\clibl.lib(fprtf.c)
0000:5222      __fprtf_
Module: G:\WATCOM/lib286/dos\clibl.lib(cmain086.c)
0000:52ed      __CMain
Module: G:\WATCOM/lib286/dos\clibl.lib(initrtns.c)
0000:5353      __InitRtns
0000:5353*     __FInitRtns
0000:53ae      __FiniRtns
0000:53ae*     __FFiniRtns
Module: G:\WATCOM/lib286/dos\clibl.lib(uselfn.c)
07f9:de2c      ___uselfn
Module: G:\WATCOM/lib286/dos\clibl.lib(dosseg)
0000:5412      __DOSseg__
Module: G:\WATCOM/lib286/dos\clibl.lib(initargv.c)
0000:5413      __Init_Argv_
0000:5476+     _getargv_
0000:5675      __Fini_Argv_
Module: G:\WATCOM/lib286/dos\clibl.lib(prtf.c)
0000:569f      __prtf_
Module: G:\WATCOM/lib286/dos\clibl.lib(initfile.c)
0000:646d      __InitFiles_
Module: G:\WATCOM/lib286/dos\clibl.lib(ioexit.c)
0000:65bb*     fcloseall_
0000:65c2      __full_io_exit_
Module: G:\WATCOM/lib286/dos\clibl.lib(vsprintf.c)
0000:65e5      vsprintf_
Module: G:\WATCOM/lib286/dos\clibl.lib(flushall.c)
0000:6610      __flushall_
0000:666d*     flushall_
Module: G:\WATCOM/lib286/dos\clibl.lib(gtche.c)
0000:6672      getche_
Module: G:\WATCOM/lib286/dos\clibl.lib(ioalloc.c)
0000:668c      __ioalloc_
Module: G:\WATCOM/lib286/dos\clibl.lib(qread.c)
0000:6726      __qread_
Module: G:\WATCOM/lib286/dos\clibl.lib(seterrno.c)
0000:6746      __set_errno_
0000:675a*     __set_EDOM_
0000:676c*     __set_ERANGE_
0000:677e*     __set_EINVAL_
0000:6793      __set_doserrno_
Module: G:\WATCOM/lib286/dos\clibl.lib(enterdb.c)
0000:679f      __EnterWVIDEO_
07f9:de2e+     ___WD_Present
Module: G:\WATCOM/lib286/dos\clibl.lib(dointr)
0000:67c4      _DoINTR_
Module: G:\WATCOM/lib286/dos\clibl.lib(fputc.c)
0000:6b3d      fputc_
Module: G:\WATCOM/lib286/dos\clibl.lib(flush.c)
0000:6c0d      __flush_
Module: G:\WATCOM/lib286/dos\clibl.lib(___argc.c)
07f9:ded6      ____Argv
07f9:deda      ____Argc
Module: G:\WATCOM/lib286/dos\clibl.lib(amblksiz.c)
07f9:de30      __amblksiz
Module: G:\WATCOM/lib286/dos\clibl.lib(exit.c)
0000:6d40+     __null_int23_exit_
0000:6d41      exit_
0000:6d72*     _exit_
07f9:de32+     ___int23_exit
07f9:de36+     ___FPE_handler_exit
Module: G:\WATCOM/lib286/dos\clibl.lib(sgdef086)
07f9:de94      __Start_XI
07f9:deb2      __End_XI
07f9:deb2      __Start_YI
07f9:debe      __End_YI
Module: G:\WATCOM/lib286/dos\clibl.lib(histsplt.c)
07f9:dedc      ___historical_splitparms
Module: G:\WATCOM/lib286/dos\clibl.lib(nmalloc.c)
0000:6d8c      _nmalloc_
07f9:de3a      ___nheapbeg
07f9:de3c      ___MiniHeapRover
07f9:de3e      ___LargestSizeB4MiniHeapRover
Module: G:\WATCOM/lib286/dos\clibl.lib(fmalloc.c)
0000:6e66*     _fmalloc_
0000:6e66      malloc_
07f9:de40+     ___fheap
07f9:de42      ___fheapRover
07f9:de44      ___LargestSizeB4Rover
Module: G:\WATCOM/lib286/dos\clibl.lib(ffree.c)
0000:6f73*     _ffree_
0000:6f73      free_
Module: G:\WATCOM/lib286/dos\clibl.lib(wctomb.c)
0000:6fb9      wctomb_
Module: G:\WATCOM/lib286/dos\clibl.lib(itoa.c)
0000:6fe2+     utoa_
0000:703f      itoa_
Module: G:\WATCOM/lib286/dos\clibl.lib(i4m)
0000:7064*     __I4M
0000:7064      __U4M
Module: G:\WATCOM/lib286/dos\clibl.lib(strupr.c)
0000:707c      strupr_
Module: G:\WATCOM/lib286/dos\clibl.lib(noefgfmt.c)
07f9:de46      ___EFG_printf
07f9:de4a*     ___EFG_scanf
Module: G:\WATCOM/lib286/dos\clibl.lib(mbisdbcs.c)
07f9:dede      ___IsDBCS
Module: G:\WATCOM/lib286/dos\clibl.lib(mbislead.c)
0000:70b1*     _ismbblead_
07f9:dee0      ___MBCSIsTable
Module: G:\WATCOM/lib286/dos\clibl.lib(lltoa.c)
0000:70cd      ulltoa_
0000:71b2*     lltoa_
Module: G:\WATCOM/lib286/dos\clibl.lib(ltoa.c)
0000:7214      ultoa_
0000:7283*     ltoa_
Module: G:\WATCOM/lib286/dos\clibl.lib(fclose.c)
0000:72b2+     __doclose_
0000:7363      __shutdown_stream_
0000:737d*     fclose_
07f9:dfe2+     ___RmTmpFileFn
Module: G:\WATCOM/lib286/dos\clibl.lib(freefp.c)
0000:73c8      __freefp_
0000:7443      __purgefp_
Module: G:\WATCOM/lib286/dos\clibl.lib(chktty.c)
0000:7484      __chktty_
Module: G:\WATCOM/lib286/dos\clibl.lib(dosret.c)
0000:74af*     _dosretax_
0000:74b4*     _dosret0_
0000:74bb      __set_errno_dos_
0000:7519*     __set_errno_dos_reterr_
Module: G:\WATCOM/lib286/dos\clibl.lib(errno.c)
0000:7524      __get_errno_ptr_
0000:752b      __get_doserrno_ptr_
07f9:dfe6+     _errno
07f9:dfe8+     __doserrno
Module: G:\WATCOM/lib286/dos\clibl.lib(__lseek.c)
0000:7532      __lseek_
Module: G:\WATCOM/lib286/dos\clibl.lib(qwrit.c)
0000:756c      __qwrite_
Module: G:\WATCOM/lib286/dos\clibl.lib(fsync.c)
0000:75c9      fsync_
Module: G:\WATCOM/lib286/dos\clibl.lib(nmemneed.c)
0000:75ce      __nmemneed_
Module: G:\WATCOM/lib286/dos\clibl.lib(mem.c)
0000:75e0      __MemAllocator
0000:76aa      __MemFree
Module: G:\WATCOM/lib286/dos\clibl.lib(grownear.c)
0000:788c      __LastFree_
0000:7906      __ExpandDGROUP_
Module: G:\WATCOM/lib286/dos\clibl.lib(hpgrw086.c)
0000:7a17      __CMain_nheapgrow_
Module: G:\WATCOM/lib286/dos\clibl.lib(growseg.c)
0000:7a1c      __GrowSeg_
Module: G:\WATCOM/lib286/dos\clibl.lib(allocseg.c)
0000:7b0e      __AllocSeg_
Module: G:\WATCOM/lib286/dos\clibl.lib(fmemneed.c)
0000:7ba5      __fmemneed_
Module: G:\WATCOM/lib286/dos\clibl.lib(nfree.c)
0000:7ba8      _nfree_
07f9:dfea+     ___MiniHeapFreeRover
Module: G:\WATCOM/lib286/dos\clibl.lib(alphabet.c)
07f9:14ec      ___Alphabet
Module: G:\WATCOM/lib286/dos\clibl.lib(mbinit.c)
0000:7ce1      __mbinit_
07f9:de62+     ___MBCodePage
Module: G:\WATCOM/lib286/dos\clibl.lib(_clse.c)
0000:7dbc      __close_
Module: G:\WATCOM/lib286/dos\clibl.lib(isatt.c)
0000:7def      isatty_
Module: G:\WATCOM/lib286/dos\clibl.lib(iomode.c)
0000:7e0b      __GetIOMode_
0000:7e30      __SetIOMode_nogrow_
07f9:de64+     ___NFiles
07f9:de66+     ___init_mode
07f9:de8e+     ___io_mode
Module: G:\WATCOM/lib286/dos\clibl.lib(filedos.c)
0000:7e53*     _dos_close_
0000:7e61      _dos_commit_
Module: G:\WATCOM/lib286/dos\clibl.lib(heapen.c)
0000:7e71*     _heapenable_
07f9:de92      ___heap_enabled
Module: G:\WATCOM/lib286/dos\clibl.lib(sbrk.c)
0000:7e82*     sbrk_
0000:7e92      __brk_
Module: G:\WATCOM/lib286/dos\clibl.lib(heapgrow.c)
0000:7efc*     _heapgrow_
0000:7efc*     _fheapgrow_
0000:7efd      _nheapgrow_
Module: G:\WATCOM/lib286/dos\clibl.lib(doserror)
0000:7f78      __doserror_


                        +--------------------+
                        |   Libraries Used   |
                        +--------------------+

G:\WATCOM/lib286/dos\clibl.lib


                        +-----------------------+
                        |   Linker Statistics   |
                        +-----------------------+

Stack size:  0800 (2048.)
Memory size:  00016780 (92032.)
Entry point address: 0000:4c60
Link time: 00:00.16
